// Jest Snapshot v1, https://goo.gl/fbAQLP

exports[`Shoe component GIVEN a set of valid props WHEN the component is rendered THEN should display a regular Shoe 1`] = `
<View
  style={
    Object {
      "alignContent": "center",
      "borderBottomColor": "#f1b30a",
      "borderBottomWidth": 1,
      "flexDirection": "row",
      "justifyContent": "space-between",
      "padding": 20,
      "paddingHorizontal": 0,
    }
  }
>
  <CustomCarousel
    shoe={Object {}}
  />
  <View
    style={
      Object {
        "flex": 1,
      }
    }
  >
    <ShoeInfo
      addToCart={[MockFunction]}
      cart={Array []}
      shoe={Object {}}
      showProduct={[MockFunction]}
    />
  </View>
</View>
`;
